
> vector@2.2.0-beta build
> tsc -b && vite build

[36mvite v7.2.7 [32mbuilding client environment for production...[36m[39m
transforming...
[32mΓ£ô[39m 2228 modules transformed.
rendering chunks...
node.exe : [33m[plugin vite:reporter] 
At C:\Program Files\nodejs\npm.ps1:29 char:3
+   & $NODE_EXE $NPM_CLI_JS $args
+   ~~~~~~~~~~~~~~~~~~~~~~~~~~~~~
    + CategoryInfo          : NotSpecified: ([33m[plugin v 
   ite:reporter] :String) [], RemoteException
    + FullyQualifiedErrorId : NativeCommandError
 
(!) C:/Users/Hauve/.gemini/antigravity/scratch/project_vecto
r/src/components/admin/TokenGenerator.tsx is dynamically 
imported by C:/Users/Hauve/.gemini/antigravity/scratch/proje
ct_vector/src/pages/ProviderDashboard.tsx but also 
statically imported by C:/Users/Hauve/.gemini/antigravity/sc
ratch/project_vector/src/pages/AdminDashboard.tsx, dynamic 
import will not move module into another chunk.
[39m
computing gzip size...
[2mdist/[22m[32mmanifest.webmanifest                        [39m[1m[2m  0.45 kB[22m[1m[22m
[2mdist/[22m[32mindex.html                                  [39m[1m[2m  3.00 kB[22m[1m[22m[2m Γöé gzip:   1.46 kB[22m
[2mdist/[22m[35massets/index-DKCBT6I3.css                   [39m[1m[2m114.23 kB[22m[1m[22m[2m Γöé gzip:  17.41 kB[22m
[2mdist/[22m[36massets/circle-check-sVJuv85-.js             [39m[1m[2m  0.17 kB[22m[1m[22m[2m Γöé gzip:   0.17 kB[22m
[2mdist/[22m[36massets/user-AbQbkEDN.js                     [39m[1m[2m  0.19 kB[22m[1m[22m[2m Γöé gzip:   0.18 kB[22m
[2mdist/[22m[36massets/credit-card-FMZB5O_l.js              [39m[1m[2m  0.21 kB[22m[1m[22m[2m Γöé gzip:   0.19 kB[22m
[2mdist/[22m[36massets/activity-Bbd0Dn3B.js                 [39m[1m[2m  0.24 kB[22m[1m[22m[2m Γöé gzip:   0.20 kB[22m
[2mdist/[22m[36massets/shield-check-guRTQKgu.js             [39m[1m[2m  0.32 kB[22m[1m[22m[2m Γöé gzip:   0.25 kB[22m
[2mdist/[22m[36massets/shield-CGg2mxZd.js                   [39m[1m[2m  1.04 kB[22m[1m[22m[2m Γöé gzip:   0.56 kB[22m
[2mdist/[22m[36massets/link-2-DE5ILjww.js                   [39m[1m[2m  1.19 kB[22m[1m[22m[2m Γöé gzip:   0.56 kB[22m
[2mdist/[22m[36massets/Input-CAxA0rQz.js                    [39m[1m[2m  1.33 kB[22m[1m[22m[2m Γöé gzip:   0.75 kB[22m
[2mdist/[22m[36massets/webauthn-TUKRDzr9.js                 [39m[1m[2m  1.90 kB[22m[1m[22m[2m Γöé gzip:   0.91 kB[22m
[2mdist/[22m[36massets/PatientResourcesView-B7kleeFc.js     [39m[1m[2m  4.09 kB[22m[1m[22m[2m Γöé gzip:   1.53 kB[22m
[2mdist/[22m[36massets/WaitlistModal-5KCXga11.js            [39m[1m[2m  4.47 kB[22m[1m[22m[2m Γöé gzip:   1.81 kB[22m
[2mdist/[22m[36massets/RegisterPage-2PudPXC0.js             [39m[1m[2m  5.27 kB[22m[1m[22m[2m Γöé gzip:   1.71 kB[22m
[2mdist/[22m[36massets/workbox-window.prod.es5-BIl4cyR9.js  [39m[1m[2m  5.76 kB[22m[1m[22m[2m Γöé gzip:   2.37 kB[22m
[2mdist/[22m[36massets/ProviderResources-rRbuQHcJ.js        [39m[1m[2m  7.46 kB[22m[1m[22m[2m Γöé gzip:   2.47 kB[22m
[2mdist/[22m[36massets/HelpRequestModal-BKrAzN3Z.js         [39m[1m[2m  7.81 kB[22m[1m[22m[2m Γöé gzip:   2.55 kB[22m
[2mdist/[22m[36massets/SecuritySettings-DhuGOkCx.js         [39m[1m[2m  9.45 kB[22m[1m[22m[2m Γöé gzip:   2.64 kB[22m
[2mdist/[22m[36massets/LandingPage-CX3_IBJI.js              [39m[1m[2m  9.77 kB[22m[1m[22m[2m Γöé gzip:   2.78 kB[22m
[2mdist/[22m[36massets/AnalyticsDashboard-grZdVx7W.js       [39m[1m[2m 18.67 kB[22m[1m[22m[2m Γöé gzip:   4.96 kB[22m
[2mdist/[22m[36massets/EncounterLogs-DsFCPyAi.js            [39m[1m[2m 28.35 kB[22m[1m[22m[2m Γöé gzip:   8.92 kB[22m
[2mdist/[22m[36massets/LoginPage-CQ-IwsFa.js                [39m[1m[2m 29.77 kB[22m[1m[22m[2m Γöé gzip:   7.81 kB[22m
[2mdist/[22m[36massets/Dashboard-CbQWlqrz.js                [39m[1m[2m254.92 kB[22m[1m[22m[2m Γöé gzip:  65.10 kB[22m
[2mdist/[22m[36massets/index-B_wwNpC4.js                    [39m[1m[33m587.10 kB[39m[22m[2m Γöé gzip: 172.18 kB[22m
[33m
(!) Some chunks are larger than 500 kB after minification. 
Consider:
- Using dynamic import() to code-split the application
- Use build.rollupOptions.output.manualChunks to improve 
chunking: https://rollupjs.org/configuration-options/#output
-manualchunks
- Adjust chunk size limit for this warning via 
build.chunkSizeWarningLimit.[39m
[32mΓ£ô built in 5.51s[39m

PWA v1.2.0
Building src/sw.ts service worker ("es" format)...
[36mvite v7.2.7 [32mbuilding client environment for production...[36m[39m
transforming...
[32mΓ£ô[39m 96 modules transformed.
rendering chunks...
computing gzip size...
[2mdist/[22m[36msw.mjs  [39m[1m[2m35.34 kB[22m[1m[22m[2m Γöé gzip: 10.47 kB[22m
[32mΓ£ô built in 770ms[39m

PWA v1.2.0
mode      injectManifest
format:   es
precache  27 entries (1071.02 KiB)
files generated
  dist/sw.js
